// Jest Snapshot v1, https://goo.gl/fbAQLP

exports[`matches with the paragraph snapshot 1`] = `"<p>This is a referred paragraph.</p>"`;
